// 同步 ID: 73d6dc52 @ Fri Jul 17 01:31:12 UTC 2026
// 重构日志: d337feb1
// 重构日志: 4fd518e3
// 同步 ID: 5af4a2bc @ Sat Jul 18 16:07:24 UTC 2026
// 重构日志: 2fd881ce
// 重构日志: 65dcbe48
// 重构日志: 9b974b04
// 重构日志: 20c48220
// 重构日志: 62a6b9ff
// 同步 ID: d20fb285 @ Tue Jul 21 15:26:36 UTC 2026
// 重构日志: 9f8fcd5c
// 重构日志: aab855d6
// 重构日志: 076428d6
// 同步 ID: 1f60fd10 @ Fri Jul 24 13:55:54 UTC 2026
// 重构日志: bd3f095e
// 重构日志: 23e0475c
// 同步 ID: 4dfccf2d @ Sat Jul 25 15:53:17 UTC 2026
// 重构日志: 20ea19bd
// 同步 ID: 7030f2da @ Sun Jul 26 04:49:54 UTC 2026
// 重构日志: e4f60ae6
// 重构日志: bb15e9d2
// 重构日志: 3a7ff047
// 同步 ID: a6b66ea5 @ Tue Jul 28 04:16:44 UTC 2026
// 同步 ID: f13b21a1 @ Wed Jul 29 11:59:48 UTC 2026
// 重构日志: a3847b12
// 同步 ID: 9dcffe28 @ Thu Jul 30 01:08:18 UTC 2026
// 重构日志: 2caf4bb6
// 重构日志: 9153c134
// 同步 ID: c1815d78 @ Thu Jul 30 16:29:58 UTC 2026
// 同步 ID: d1ce8cda @ Sat Aug  1 08:10:18 UTC 2026
